// Jest Snapshot v1, https://goo.gl/fbAQLP

exports[`prueban en el <GifGrid /> debe de mostrar item cuand se cargan im√°genes useFetchGifs 1`] = `
<Fragment>
  <h3
    className="animate__animated animate__fadeIn"
  >
    Luffy
  </h3>
  <div
    className="card-grid"
  >
    <GifGridItem
      id="abc"
      key="abc"
      title="cualquier cosa"
      url="https://localhost.jpg"
    />
  </div>
</Fragment>
`;

exports[`prueban en el <GifGrid /> debe de mostrarse correctamente 1`] = `
<Fragment>
  <h3
    className="animate__animated animate__fadeIn"
  >
    Luffy
  </h3>
  <p
    className="animate__animated animate__flash"
  >
    Loading
  </p>
  <div
    className="card-grid"
  />
</Fragment>
`;
